###############################################################################
#
# IAR ELF Linker V4.20.1.2260 for RL78                    14/Oct/2020  17:13:20
# Copyright 2011-2019 IAR Systems AB.
#
#    Output file  =  C:\projects\FEI\NEA630\project\Debug\Exe\enginestartup.out
#    Map file     =
#        C:\projects\FEI\NEA630\project\Debug\List\enginestartup.map
#    Command line =
#        -f C:\Users\lsouza\AppData\Local\Temp\EW5BE9.tmp
#        (C:\projects\FEI\NEA630\project\Debug\Obj\LibReplacement.o
#        C:\projects\FEI\NEA630\project\Debug\Obj\main.o --no_out_extension -o
#        C:\projects\FEI\NEA630\project\Debug\Exe\enginestartup.out
#        --config_def __RESERVE_OCD_ROM=1 --config_def
#        __RESERVE_OCD_TRACE_RAM=0 --config_def __RESERVE_HOTPLUGIN_RAM=0 --map
#        C:\projects\FEI\NEA630\project\Debug\List\enginestartup.map --config
#        "C:\Program Files (x86)\IAR Systems\Embedded Workbench
#        RL\rl78\config\lnkr5f100le.icf" --config_def _STACK_SIZE=128
#        --config_def _NEAR_HEAP_SIZE=256 --config_def _FAR_HEAP_SIZE=4096
#        --config_def _HUGE_HEAP_SIZE=0 --define_symbol _NEAR_CONST_LOCATION=0
#        --config_def _NEAR_CONST_LOCATION_START=0x2000 --config_def
#        _NEAR_CONST_LOCATION_SIZE=0xCF00 --redirect ?I_MUL_L02=HWMUL_16_16_16
#        --redirect ?L_MUL_L03=HWMUL_32_32_32 --redirect
#        ?UC_DIV_L01=HWDIV_8_8_8 --redirect ?UI_DIV_L02=HWDIV_16_16_16
#        --redirect ?UL_DIV_L03=HWDIV_32_32_32 --redirect
#        ?UC_MOD_L01=HWMOD_8_8_8 --redirect ?UI_MOD_L02=HWMOD_16_16_16
#        --redirect ?UL_MOD_L03=HWMOD_32_32_32 --redirect
#        ?SC_DIV_L01=HWSDIV_8_8_8 --redirect ?SI_DIV_L02=HWSDIV_16_16_16
#        --redirect ?SL_DIV_L03=HWSDIV_32_32_32 --redirect
#        ?SC_MOD_L01=HWSMOD_8_8_8 --redirect ?SI_MOD_L02=HWSMOD_16_16_16
#        --redirect ?SL_MOD_L03=HWSMOD_32_32_32 --vfe --entry
#        __iar_program_start --debug_lib --text_out locale)
#
###############################################################################

*******************************************************************************
*** RUNTIME MODEL ATTRIBUTES
***

__SystemLibrary            = DLib
__calling_convention       = v2
__code_model               = near
__core                     = s2
__data_model               = near
__dlib_full_locale_support = 0
__dlib_version             = 6
__double_size              = 32
__far_rt_calls             = false
__near_const               = rom0
__rt_version               = 2


*******************************************************************************
*** RESERVED RANGES
***

Ranges reserved by mirroring and reserve directives:

      From        To    Size
      ----        --    ----
    0xfe00    0xffff   0x200
  0xf'2000  0xf'eeff  0xcf00


*******************************************************************************
*** PLACEMENT SUMMARY
***

"RESET":
       place at address 0x0 { ro section .reset };
"VECTOR":
       place at address 0x4 { ro section .intvec };
define block OPT_BYTE
   with size = 4 { R_OPT_BYTE, ro section .option_byte, ro section OPTBYTE };
"A2":  place at address 0xc0 { block OPT_BYTE };
define block SECUR_ID
   with size = 10 { R_SECUR_ID, ro section .security_id, ro section SECUID };
"A3":  place at address 0xc4 { block SECUR_ID };
"ROMNEAR":
       place in [from 0xd8 to 0xffff] { R_TEXT, ro section .text };
"ROMHUGE":
       place in [from 0xd8 to 0xffff] {
          ro section .consth, R_TEXTF, ro section .textf };
define block NEAR_HEAP with size = 256, alignment = 2 { };
define block CSTACK with size = 128, alignment = 2 { rw section CSTACK };
"RAMNEAR":
       place in [from 0xf'ef00 to 0xf'fe1f] {
          block NEAR_HEAP, block CSTACK, zi section .iar.dynexit, R_DATA,
          rw section .data, R_BSS, rw section .bss*, rw };
"SADDRMEM":
       place in [from 0xf'fe20 to 0xf'fedf] {
          rw section .sdata, R_SDATA, rw section .sbss*, R_SBSS,
          rw section .wrkseg };
reserve region "OCD ROM area" = [from 0xfe00 to 0xffff];

No sections matched the following patterns:

  R_BSS                          in "RAMNEAR"
  R_BSSF                         in "RAMFAR"
  R_CALLT0                       in "CALLT"
  R_DATA                         in "RAMNEAR"
  R_DATAF                        in "RAMFAR"
  R_OPT_BYTE                     in block OPT_BYTE
  R_SBSS                         in "SADDRMEM"
  R_SDATA                        in "SADDRMEM"
  R_SECUR_ID                     in block SECUR_ID
  R_TEXT                         in "ROMNEAR"
  R_TEXTF                        in "ROMHUGE"
  R_TEXTF_UNIT64KP               in "ROMFAR"
  ro R_CONST_init                in "MIRROR"
  ro section .callt0             in "CALLT"
  ro section .const              in "MIRROR"
  ro section .constf             in "ROMFAR"
  ro section .consth             in "ROMHUGE"
  ro section .init_array         in block INIT_ARRAY
  ro section .init_array_tls     in block INIT_ARRAY_TLS
  ro section .option_byte        in block OPT_BYTE
  ro section .preinit_array      in block INIT_ARRAY
  ro section .preinit_array_tls  in block INIT_ARRAY_TLS
  ro section .security_id        in block SECUR_ID
  ro section .switch             in "MIRROR"
  ro section .switchf            in "ROMFAR"
  ro section .textf_unit64kp     in "ROMFAR"
  rw section .bss*               in "RAMNEAR"
  rw section .bss_unit64kp       in "RAMFAR"
  rw section .bssf*              in "RAMFAR"
  rw section .data               in "RAMNEAR"
  rw section .data_unit64kp      in "RAMFAR"
  rw section .dataf              in "RAMFAR"
  rw section .hbss*              in "RAMHUGE"
  rw section .hdata              in "RAMHUGE"
  rw section .sbss*              in "SADDRMEM"
  rw section .sdata              in "SADDRMEM"
  zi section .iar.dynexit        in "RAMNEAR"


  Section       Kind      Address   Size  Object
  -------       ----      -------   ----  ------
"RESET":                             0x2
  .reset        const         0x0    0x2  interrupt_vector.o [3]
                            - 0x2    0x2

"VECTOR":                           0x7c
  .intvec       const         0x4   0x7c  interrupt_vector.o [3]
                           - 0x80   0x7c

"A2":                                0x4
  OPT_BYTE                   0xc0    0x4  <Block>
    OPTBYTE     const        0xc0    0x1  main.o [1]
    OPTBYTE     const        0xc1    0x1  main.o [1]
    OPTBYTE     const        0xc2    0x1  main.o [1]
    OPTBYTE     const        0xc3    0x1  main.o [1]
                           - 0xc4    0x4

"A3":                                0xa
  SECUR_ID                   0xc4    0xa  <Block>
    SECUID      const        0xc4    0xa  main.o [1]
                           - 0xce    0xa

"ROMNEAR":                         0x10f
  .text         ro code      0xd8   0x98  main.o [1]
  .text         ro code     0x170   0x3a  cstartup.o [3]
  .text         ro code     0x1aa   0x13  default_handler.o [3]
  .text         ro code     0x1bd   0x11  __dbg_xxexit.o [2]
  .text         ro code     0x1ce    0xa  __dbg_abort.o [2]
  .text         ro code     0x1d8    0x5  cexit.o [3]
  .text         ro code     0x1dd    0x4  low_level_init.o [3]
  .text         ro code     0x1e1    0x3  exit.o [3]
  .text         ro code     0x1e4    0x3  __dbg_break.o [2]
                          - 0x1e7  0x10f

"ROMHUGE":                          0x41
  .textf        ro code     0x1e7   0x41  data_init.o [3]
                          - 0x228   0x41

"RAMNEAR":                          0x80
  CSTACK                 0xf'ef00   0x80  <Block>
    CSTACK      rw data  0xf'ef00    0x0  cstartup.o [3]
    CSTACK      uninit   0xf'ef00   0x80  <Block tail>
                       - 0xf'ef80   0x80

"SADDRMEM":                          0x0
  .wrkseg       rw data  0xf'fe20    0x0  cstartup.o [3]

Absolute sections, part 1 of 6:      0x1
  .sbss.noinit  uninit   0xf'ff00    0x1  main.o [1]
                       - 0xf'ff01    0x1

Absolute sections, part 2 of 6:      0x1
  .sbss.noinit  uninit   0xf'ff07    0x1  main.o [1]
                       - 0xf'ff08    0x1

Absolute sections, part 3 of 6:      0x1
  .sbss.noinit  uninit   0xf'ff0e    0x1  main.o [1]
                       - 0xf'ff0f    0x1

Absolute sections, part 4 of 6:      0x1
  .bss.noinit   uninit   0xf'ff20    0x1  main.o [1]
                       - 0xf'ff21    0x1

Absolute sections, part 5 of 6:      0x1
  .bss.noinit   uninit   0xf'ff27    0x1  main.o [1]
                       - 0xf'ff28    0x1

Absolute sections, part 6 of 6:      0x1
  .bss.noinit   uninit   0xf'ff2e    0x1  main.o [1]
                       - 0xf'ff2f    0x1

Unused ranges:

      From        To    Size
      ----        --    ----
     0x228    0xfdff  0xfbd8
  0xf'ef80  0xf'fe1f   0xea0
  0xf'fe20  0xf'fedf    0xc0



*******************************************************************************
*** MODULE SUMMARY
***

    Module              ro code  ro data  rw data  rw data
                                                    (abs)
    ------              -------  -------  -------  -------
command line/config:
    ------------------------------------------------------
    Total:

C:\projects\FEI\NEA630\project\Debug\Obj: [1]
    main.o                  152       14                 6
    ------------------------------------------------------
    Total:                  152       14                 6

dbgrlnnf22nd.a: [2]
    __dbg_abort.o            10
    __dbg_break.o             3
    __dbg_xxexit.o           17
    ------------------------------------------------------
    Total:                   30

dlrlnnf22n.a: [3]
    cexit.o                   5
    cstartup.o               58
    data_init.o              65
    default_handler.o        19
    exit.o                    3
    interrupt_vector.o               126
    low_level_init.o          4
    ------------------------------------------------------
    Total:                  154      126

    Linker created                            128
----------------------------------------------------------
    Grand Total:            336      140      128        6


*******************************************************************************
*** ENTRY LIST
***

Entry                    Address  Size  Type      Object
-----                    -------  ----  ----      ------
@cend                      0x1aa        Code  Gb  cstartup.o [3]
@cstart                    0x170        Code  Gb  cstartup.o [3]
CSTACK$$Base            0xf'ef00         --   Gb  - Linker created -
CSTACK$$Limit           0xf'ef80         --   Gb  - Linker created -
OPT_BYTE$$Base              0xc0         --   Gb  - Linker created -
OPT_BYTE$$Limit             0xc4         --   Gb  - Linker created -
Region$$Table$$Base          0x0         --   Gb  - Linker created -
Region$$Table$$Limit         0x0         --   Gb  - Linker created -
SECUR_ID$$Base              0xc4         --   Gb  - Linker created -
SECUR_ID$$Limit             0xce         --   Gb  - Linker created -
_HardwareInit               0xd8  0x2e  Code  Gb  main.o [1]
_NEAR_CONST_LOCATION {Abs}
                             0x0        Data  Gb  <internal module>
__A_P0                  0xf'ff00   0x1  Data  Gb  main.o [1]
__A_P14                 0xf'ff0e   0x1  Data  Gb  main.o [1]
__A_P7                  0xf'ff07   0x1  Data  Gb  main.o [1]
__A_PM0                 0xf'ff20   0x1  Data  Gb  main.o [1]
__A_PM14                0xf'ff2e   0x1  Data  Gb  main.o [1]
__A_PM7                 0xf'ff27   0x1  Data  Gb  main.o [1]
___DebugBreak              0x1e4   0x3  Code  Gb  __dbg_break.o [2]
___exit                    0x1bd  0x11  Code  Gb  __dbg_xxexit.o [2]
___iar_data_init2          0x1e7  0x41  Code  Gb  data_init.o [3]
___iar_default_interrupt_handler
                           0x1aa  0x13  Code  Lc  default_handler.o [3]
___interrupt_0x00          0x170        Code  Gb  cstartup.o [3]
___interrupt_0x04          0x1aa  0x13  Code  Wk  default_handler.o [3]
___interrupt_0x06          0x1aa  0x13  Code  Wk  default_handler.o [3]
___interrupt_0x08          0x1aa  0x13  Code  Wk  default_handler.o [3]
___interrupt_0x0A          0x1aa  0x13  Code  Wk  default_handler.o [3]
___interrupt_0x0C          0x1aa  0x13  Code  Wk  default_handler.o [3]
___interrupt_0x0E          0x1aa  0x13  Code  Wk  default_handler.o [3]
___interrupt_0x10          0x1aa  0x13  Code  Wk  default_handler.o [3]
___interrupt_0x12          0x1aa  0x13  Code  Wk  default_handler.o [3]
___interrupt_0x14          0x1aa  0x13  Code  Wk  default_handler.o [3]
___interrupt_0x16          0x1aa  0x13  Code  Wk  default_handler.o [3]
___interrupt_0x18          0x1aa  0x13  Code  Wk  default_handler.o [3]
___interrupt_0x1A          0x1aa  0x13  Code  Wk  default_handler.o [3]
___interrupt_0x1C          0x1aa  0x13  Code  Wk  default_handler.o [3]
___interrupt_0x1E          0x1aa  0x13  Code  Wk  default_handler.o [3]
___interrupt_0x20          0x1aa  0x13  Code  Wk  default_handler.o [3]
___interrupt_0x22          0x1aa  0x13  Code  Wk  default_handler.o [3]
___interrupt_0x24          0x1aa  0x13  Code  Wk  default_handler.o [3]
___interrupt_0x26          0x1aa  0x13  Code  Wk  default_handler.o [3]
___interrupt_0x28          0x1aa  0x13  Code  Wk  default_handler.o [3]
___interrupt_0x2A          0x1aa  0x13  Code  Wk  default_handler.o [3]
___interrupt_0x2C          0x1aa  0x13  Code  Wk  default_handler.o [3]
___interrupt_0x2E          0x1aa  0x13  Code  Wk  default_handler.o [3]
___interrupt_0x30          0x1aa  0x13  Code  Wk  default_handler.o [3]
___interrupt_0x32          0x1aa  0x13  Code  Wk  default_handler.o [3]
___interrupt_0x34          0x1aa  0x13  Code  Wk  default_handler.o [3]
___interrupt_0x36          0x1aa  0x13  Code  Wk  default_handler.o [3]
___interrupt_0x38          0x1aa  0x13  Code  Wk  default_handler.o [3]
___interrupt_0x3A          0x1aa  0x13  Code  Wk  default_handler.o [3]
___interrupt_0x3C          0x1aa  0x13  Code  Wk  default_handler.o [3]
___interrupt_0x3E          0x1aa  0x13  Code  Wk  default_handler.o [3]
___interrupt_0x40          0x1aa  0x13  Code  Wk  default_handler.o [3]
___interrupt_0x42          0x1aa  0x13  Code  Wk  default_handler.o [3]
___interrupt_0x44          0x1aa  0x13  Code  Wk  default_handler.o [3]
___interrupt_0x46          0x1aa  0x13  Code  Wk  default_handler.o [3]
___interrupt_0x48          0x1aa  0x13  Code  Wk  default_handler.o [3]
___interrupt_0x4A          0x1aa  0x13  Code  Wk  default_handler.o [3]
___interrupt_0x4C          0x1aa  0x13  Code  Wk  default_handler.o [3]
___interrupt_0x4E          0x1aa  0x13  Code  Wk  default_handler.o [3]
___interrupt_0x50          0x1aa  0x13  Code  Wk  default_handler.o [3]
___interrupt_0x52          0x1aa  0x13  Code  Wk  default_handler.o [3]
___interrupt_0x54          0x1aa  0x13  Code  Wk  default_handler.o [3]
___interrupt_0x56          0x1aa  0x13  Code  Wk  default_handler.o [3]
___interrupt_0x58          0x1aa  0x13  Code  Wk  default_handler.o [3]
___interrupt_0x5A          0x1aa  0x13  Code  Wk  default_handler.o [3]
___interrupt_0x5C          0x1aa  0x13  Code  Wk  default_handler.o [3]
___interrupt_0x5E          0x1aa  0x13  Code  Wk  default_handler.o [3]
___interrupt_0x60          0x1aa  0x13  Code  Wk  default_handler.o [3]
___interrupt_0x62          0x1aa  0x13  Code  Wk  default_handler.o [3]
___interrupt_0x64          0x1aa  0x13  Code  Wk  default_handler.o [3]
___interrupt_0x66          0x1aa  0x13  Code  Wk  default_handler.o [3]
___interrupt_0x68          0x1aa  0x13  Code  Wk  default_handler.o [3]
___interrupt_0x6A          0x1aa  0x13  Code  Wk  default_handler.o [3]
___interrupt_0x6C          0x1aa  0x13  Code  Wk  default_handler.o [3]
___interrupt_0x6E          0x1aa  0x13  Code  Wk  default_handler.o [3]
___interrupt_0x70          0x1aa  0x13  Code  Wk  default_handler.o [3]
___interrupt_0x72          0x1aa  0x13  Code  Wk  default_handler.o [3]
___interrupt_0x74          0x1aa  0x13  Code  Wk  default_handler.o [3]
___interrupt_0x76          0x1aa  0x13  Code  Wk  default_handler.o [3]
___interrupt_0x78          0x1aa  0x13  Code  Wk  default_handler.o [3]
___interrupt_0x7A          0x1aa  0x13  Code  Wk  default_handler.o [3]
___interrupt_0x7C          0x1aa  0x13  Code  Wk  default_handler.o [3]
___interrupt_0x7E          0x1aa  0x13  Code  Wk  default_handler.o [3]
___interrupt_tab_0x00        0x0        Data  Gb  interrupt_vector.o [3]
___interrupt_tab_0x04        0x4        Data  Gb  interrupt_vector.o [3]
___interrupt_tab_0x06        0x6        Data  Gb  interrupt_vector.o [3]
___interrupt_tab_0x08        0x8        Data  Gb  interrupt_vector.o [3]
___interrupt_tab_0x0A        0xa        Data  Gb  interrupt_vector.o [3]
___interrupt_tab_0x0C        0xc        Data  Gb  interrupt_vector.o [3]
___interrupt_tab_0x0E        0xe        Data  Gb  interrupt_vector.o [3]
___interrupt_tab_0x10       0x10        Data  Gb  interrupt_vector.o [3]
___interrupt_tab_0x12       0x12        Data  Gb  interrupt_vector.o [3]
___interrupt_tab_0x14       0x14        Data  Gb  interrupt_vector.o [3]
___interrupt_tab_0x16       0x16        Data  Gb  interrupt_vector.o [3]
___interrupt_tab_0x18       0x18        Data  Gb  interrupt_vector.o [3]
___interrupt_tab_0x1A       0x1a        Data  Gb  interrupt_vector.o [3]
___interrupt_tab_0x1C       0x1c        Data  Gb  interrupt_vector.o [3]
___interrupt_tab_0x1E       0x1e        Data  Gb  interrupt_vector.o [3]
___interrupt_tab_0x20       0x20        Data  Gb  interrupt_vector.o [3]
___interrupt_tab_0x22       0x22        Data  Gb  interrupt_vector.o [3]
___interrupt_tab_0x24       0x24        Data  Gb  interrupt_vector.o [3]
___interrupt_tab_0x26       0x26        Data  Gb  interrupt_vector.o [3]
___interrupt_tab_0x28       0x28        Data  Gb  interrupt_vector.o [3]
___interrupt_tab_0x2A       0x2a        Data  Gb  interrupt_vector.o [3]
___interrupt_tab_0x2C       0x2c        Data  Gb  interrupt_vector.o [3]
___interrupt_tab_0x2E       0x2e        Data  Gb  interrupt_vector.o [3]
___interrupt_tab_0x30       0x30        Data  Gb  interrupt_vector.o [3]
___interrupt_tab_0x32       0x32        Data  Gb  interrupt_vector.o [3]
___interrupt_tab_0x34       0x34        Data  Gb  interrupt_vector.o [3]
___interrupt_tab_0x36       0x36        Data  Gb  interrupt_vector.o [3]
___interrupt_tab_0x38       0x38        Data  Gb  interrupt_vector.o [3]
___interrupt_tab_0x3A       0x3a        Data  Gb  interrupt_vector.o [3]
___interrupt_tab_0x3C       0x3c        Data  Gb  interrupt_vector.o [3]
___interrupt_tab_0x3E       0x3e        Data  Gb  interrupt_vector.o [3]
___interrupt_tab_0x40       0x40        Data  Gb  interrupt_vector.o [3]
___interrupt_tab_0x42       0x42        Data  Gb  interrupt_vector.o [3]
___interrupt_tab_0x44       0x44        Data  Gb  interrupt_vector.o [3]
___interrupt_tab_0x46       0x46        Data  Gb  interrupt_vector.o [3]
___interrupt_tab_0x48       0x48        Data  Gb  interrupt_vector.o [3]
___interrupt_tab_0x4A       0x4a        Data  Gb  interrupt_vector.o [3]
___interrupt_tab_0x4C       0x4c        Data  Gb  interrupt_vector.o [3]
___interrupt_tab_0x4E       0x4e        Data  Gb  interrupt_vector.o [3]
___interrupt_tab_0x50       0x50        Data  Gb  interrupt_vector.o [3]
___interrupt_tab_0x52       0x52        Data  Gb  interrupt_vector.o [3]
___interrupt_tab_0x54       0x54        Data  Gb  interrupt_vector.o [3]
___interrupt_tab_0x56       0x56        Data  Gb  interrupt_vector.o [3]
___interrupt_tab_0x58       0x58        Data  Gb  interrupt_vector.o [3]
___interrupt_tab_0x5A       0x5a        Data  Gb  interrupt_vector.o [3]
___interrupt_tab_0x5C       0x5c        Data  Gb  interrupt_vector.o [3]
___interrupt_tab_0x5E       0x5e        Data  Gb  interrupt_vector.o [3]
___interrupt_tab_0x60       0x60        Data  Gb  interrupt_vector.o [3]
___interrupt_tab_0x62       0x62        Data  Gb  interrupt_vector.o [3]
___interrupt_tab_0x64       0x64        Data  Gb  interrupt_vector.o [3]
___interrupt_tab_0x66       0x66        Data  Gb  interrupt_vector.o [3]
___interrupt_tab_0x68       0x68        Data  Gb  interrupt_vector.o [3]
___interrupt_tab_0x6A       0x6a        Data  Gb  interrupt_vector.o [3]
___interrupt_tab_0x6C       0x6c        Data  Gb  interrupt_vector.o [3]
___interrupt_tab_0x6E       0x6e        Data  Gb  interrupt_vector.o [3]
___interrupt_tab_0x70       0x70        Data  Gb  interrupt_vector.o [3]
___interrupt_tab_0x72       0x72        Data  Gb  interrupt_vector.o [3]
___interrupt_tab_0x74       0x74        Data  Gb  interrupt_vector.o [3]
___interrupt_tab_0x76       0x76        Data  Gb  interrupt_vector.o [3]
___interrupt_tab_0x78       0x78        Data  Gb  interrupt_vector.o [3]
___interrupt_tab_0x7A       0x7a        Data  Gb  interrupt_vector.o [3]
___interrupt_tab_0x7C       0x7c        Data  Gb  interrupt_vector.o [3]
___interrupt_tab_0x7E       0x7e        Data  Gb  interrupt_vector.o [3]
___low_level_init          0x1dd        Code  Wk  low_level_init.o [3]
__exit                     0x1d8        Code  Gb  cexit.o [3]
__iar_exit_end             0x1dd        Code  Gb  cexit.o [3]
__iar_program_start        0x170        Code  Gb  cstartup.o [3]
__link_file_version_2 {Abs}
                             0x1        Data  Gb  <internal module>
__program_end              0x1aa        Code  Gb  cstartup.o [3]
_abort                     0x1ce   0xa  Code  Gb  __dbg_abort.o [2]
_exit                      0x1e1   0x3  Code  Gb  exit.o [3]
_interrupt_vector_table
                             0x0        Data  Gb  interrupt_vector.o [3]
_main                      0x106  0x6a  Code  Gb  main.o [1]
_opbyte0                    0xc0   0x1  Data  Gb  main.o [1]
_opbyte1                    0xc1   0x1  Data  Gb  main.o [1]
_opbyte2                    0xc2   0x1  Data  Gb  main.o [1]
_opbyte3                    0xc3   0x1  Data  Gb  main.o [1]
_senha                      0xc4   0xa  Data  Gb  main.o [1]


[1] = C:\projects\FEI\NEA630\project\Debug\Obj
[2] = dbgrlnnf22nd.a
[3] = dlrlnnf22n.a

  336 bytes of readonly  code memory
  140 bytes of readonly  data memory
  128 bytes of readwrite data memory (+ 6 absolute)

Errors: none
Warnings: none
